220 Hybrid FTP Server Ready
File: upload: final-lan-active.bin
[??????????????????????????????]   0.4% (1.00 KB / 250.00 KB) | Speed: -- B/s
File: upload: final-lan-active.bin
[??????????????????????????????]   0.8% (2.00 KB / 250.00 KB) | Speed: -- B/s
File: upload: final-lan-active.bin
[??????????????????????????????]   1.2% (3.00 KB / 250.00 KB) | Speed: -- B/s
File: upload: final-lan-active.bin
[??????????????????????????????]   1.6% (4.00 KB / 250.00 KB) | Speed: -- B/s
File: upload: final-lan-active.bin
[??????????????????????????????]   2.0% (5.00 KB / 250.00 KB) | Speed: -- B/s
File: upload: final-lan-active.bin
[??????????????????????????????]   2.4% (6.00 KB / 250.00 KB) | Speed: -- B/s
File: upload: final-lan-active.bin
[??????????????????????????????]   2.8% (7.00 KB / 250.00 KB) | Speed: -- B/s
File: upload: final-lan-active.bin
[??????????????????????????????]   3.2% (8.00 KB / 250.00 KB) | Speed: -- B/s
File: upload: final-lan-active.bin
[??????????????????????????????]   3.6% (9.00 KB / 250.00 KB) | Speed: -- B/s
File: upload: final-lan-active.bin
[??????????????????????????????]   4.0% (10.00 KB / 250.00 KB) | Speed: -- B/s
File: upload: final-lan-active.bin
[??????????????????????????????]   4.4% (11.00 KB / 250.00 KB) | Speed: -- B/s
File: upload: final-lan-active.bin
[??????????????????????????????]   4.8% (12.00 KB / 250.00 KB) | Speed: -- B/s
File: upload: final-lan-active.bin
[??????????????????????????????]   5.2% (13.00 KB / 250.00 KB) | Speed: -- B/s
File: upload: final-lan-active.bin
[??????????????????????????????]   5.6% (14.00 KB / 250.00 KB) | Speed: -- B/s
File: upload: final-lan-active.bin
[??????????????????????????????]   6.0% (15.00 KB / 250.00 KB) | Speed: -- B/s
File: upload: final-lan-active.bin
[??????????????????????????????]   6.4% (16.00 KB / 250.00 KB) | Speed: -- B/s
File: upload: final-lan-active.bin
[??????????????????????????????]   6.8% (17.00 KB / 250.00 KB) | Speed: -- B/s
File: upload: final-lan-active.bin
[??????????????????????????????]   7.2% (18.00 KB / 250.00 KB) | Speed: -- B/s
File: upload: final-lan-active.bin
[??????????????????????????????]   7.6% (19.00 KB / 250.00 KB) | Speed: -- B/s
File: upload: final-lan-active.bin
[??????????????????????????????]   8.0% (20.00 KB / 250.00 KB) | Speed: -- B/s
File: upload: final-lan-active.bin
[??????????????????????????????]   8.4% (21.00 KB / 250.00 KB) | Speed: -- B/s
File: upload: final-lan-active.bin
[??????????????????????????????]   8.8% (22.00 KB / 250.00 KB) | Speed: -- B/s
File: upload: final-lan-active.bin
[??????????????????????????????]   9.2% (23.00 KB / 250.00 KB) | Speed: -- B/s
File: upload: final-lan-active.bin
[??????????????????????????????]   9.6% (24.00 KB / 250.00 KB) | Speed: -- B/s
File: upload: final-lan-active.bin
[??????????????????????????????]  10.0% (25.00 KB / 250.00 KB) | Speed: -- B/s
File: upload: final-lan-active.bin
[??????????????????????????????]  10.4% (26.00 KB / 250.00 KB) | Speed: -- B/s
File: upload: final-lan-active.bin
[??????????????????????????????]  10.8% (27.00 KB / 250.00 KB) | Speed: -- B/s
File: upload: final-lan-active.bin
[??????????????????????????????]  11.2% (28.00 KB / 250.00 KB) | Speed: -- B/s
File: upload: final-lan-active.bin
[??????????????????????????????]  11.6% (29.00 KB / 250.00 KB) | Speed: -- B/s
File: upload: final-lan-active.bin
[??????????????????????????????]  12.0% (30.00 KB / 250.00 KB) | Speed: -- B/s
File: upload: final-lan-active.bin
[??????????????????????????????]  12.4% (31.00 KB / 250.00 KB) | Speed: -- B/s
File: upload: final-lan-active.bin
[??????????????????????????????]  12.8% (32.00 KB / 250.00 KB) | Speed: -- B/s
File: upload: final-lan-active.bin
[??????????????????????????????]  13.2% (33.00 KB / 250.00 KB) | Speed: -- B/s
File: upload: final-lan-active.bin
[??????????????????????????????]  13.6% (34.00 KB / 250.00 KB) | Speed: -- B/s
File: upload: final-lan-active.bin
[??????????????????????????????]  14.0% (35.00 KB / 250.00 KB) | Speed: -- B/s
File: upload: final-lan-active.bin
[??????????????????????????????]  14.4% (36.00 KB / 250.00 KB) | Speed: -- B/s
File: upload: final-lan-active.bin
[??????????????????????????????]  14.8% (37.00 KB / 250.00 KB) | Speed: -- B/s
File: upload: final-lan-active.bin
[??????????????????????????????]  15.2% (38.00 KB / 250.00 KB) | Speed: -- B/s
File: upload: final-lan-active.bin
[??????????????????????????????]  15.6% (39.00 KB / 250.00 KB) | Speed: -- B/s
File: upload: final-lan-active.bin
[??????????????????????????????]  16.0% (40.00 KB / 250.00 KB) | Speed: -- B/s
File: upload: final-lan-active.bin
[??????????????????????????????]  16.4% (41.00 KB / 250.00 KB) | Speed: -- B/s
File: upload: final-lan-active.bin
[??????????????????????????????]  16.8% (42.00 KB / 250.00 KB) | Speed: -- B/s
File: upload: final-lan-active.bin
[??????????????????????????????]  17.2% (43.00 KB / 250.00 KB) | Speed: -- B/s
File: upload: final-lan-active.bin
[??????????????????????????????]  17.6% (44.00 KB / 250.00 KB) | Speed: -- B/s
File: upload: final-lan-active.bin
[??????????????????????????????]  18.0% (45.00 KB / 250.00 KB) | Speed: -- B/s
File: upload: final-lan-active.bin
[??????????????????????????????]  18.4% (46.00 KB / 250.00 KB) | Speed: -- B/s
File: upload: final-lan-active.bin
[??????????????????????????????]  18.8% (47.00 KB / 250.00 KB) | Speed: -- B/s
File: upload: final-lan-active.bin
[??????????????????????????????]  19.2% (48.00 KB / 250.00 KB) | Speed: -- B/s
File: upload: final-lan-active.bin
[??????????????????????????????]  19.6% (49.00 KB / 250.00 KB) | Speed: -- B/s
File: upload: final-lan-active.bin
[??????????????????????????????]  20.0% (50.00 KB / 250.00 KB) | Speed: -- B/s
File: upload: final-lan-active.bin
[??????????????????????????????]  20.4% (51.00 KB / 250.00 KB) | Speed: -- B/s
File: upload: final-lan-active.bin
[??????????????????????????????]  20.8% (52.00 KB / 250.00 KB) | Speed: -- B/s
File: upload: final-lan-active.bin
[??????????????????????????????]  21.2% (53.00 KB / 250.00 KB) | Speed: -- B/s
File: upload: final-lan-active.bin
[??????????????????????????????]  21.6% (54.00 KB / 250.00 KB) | Speed: -- B/s
File: upload: final-lan-active.bin
[??????????????????????????????]  22.0% (55.00 KB / 250.00 KB) | Speed: -- B/s
File: upload: final-lan-active.bin
[??????????????????????????????]  22.4% (56.00 KB / 250.00 KB) | Speed: -- B/s
File: upload: final-lan-active.bin
[??????????????????????????????]  22.8% (57.00 KB / 250.00 KB) | Speed: -- B/s
File: upload: final-lan-active.bin
[??????????????????????????????]  23.2% (58.00 KB / 250.00 KB) | Speed: -- B/s
File: upload: final-lan-active.bin
[??????????????????????????????]  23.6% (59.00 KB / 250.00 KB) | Speed: -- B/s
File: upload: final-lan-active.bin
[??????????????????????????????]  24.0% (60.00 KB / 250.00 KB) | Speed: -- B/s
File: upload: final-lan-active.bin
[??????????????????????????????]  24.4% (61.00 KB / 250.00 KB) | Speed: -- B/s
File: upload: final-lan-active.bin
[??????????????????????????????]  24.8% (62.00 KB / 250.00 KB) | Speed: -- B/s
File: upload: final-lan-active.bin
[??????????????????????????????]  25.2% (63.00 KB / 250.00 KB) | Speed: -- B/s
File: upload: final-lan-active.bin
[??????????????????????????????]  25.6% (64.00 KB / 250.00 KB) | Speed: -- B/s
File: upload: final-lan-active.bin
[??????????????????????????????]  26.0% (65.00 KB / 250.00 KB) | Speed: -- B/s
File: upload: final-lan-active.bin
[??????????????????????????????]  26.4% (66.00 KB / 250.00 KB) | Speed: -- B/s
File: upload: final-lan-active.bin
[??????????????????????????????]  26.8% (67.00 KB / 250.00 KB) | Speed: -- B/s
File: upload: final-lan-active.bin
[??????????????????????????????]  27.2% (68.00 KB / 250.00 KB) | Speed: -- B/s
File: upload: final-lan-active.bin
[??????????????????????????????]  27.6% (69.00 KB / 250.00 KB) | Speed: -- B/s
File: upload: final-lan-active.bin
[??????????????????????????????]  28.0% (70.00 KB / 250.00 KB) | Speed: -- B/s
File: upload: final-lan-active.bin
[??????????????????????????????]  28.4% (71.00 KB / 250.00 KB) | Speed: -- B/s
File: upload: final-lan-active.bin
[??????????????????????????????]  28.8% (72.00 KB / 250.00 KB) | Speed: -- B/s
File: upload: final-lan-active.bin
[??????????????????????????????]  29.2% (73.00 KB / 250.00 KB) | Speed: -- B/s
File: upload: final-lan-active.bin
[??????????????????????????????]  29.6% (74.00 KB / 250.00 KB) | Speed: -- B/s
File: upload: final-lan-active.bin
[??????????????????????????????]  30.0% (75.00 KB / 250.00 KB) | Speed: -- B/s
File: upload: final-lan-active.bin
[??????????????????????????????]  30.4% (76.00 KB / 250.00 KB) | Speed: -- B/s
File: upload: final-lan-active.bin
[??????????????????????????????]  30.8% (77.00 KB / 250.00 KB) | Speed: -- B/s
File: upload: final-lan-active.bin
[??????????????????????????????]  31.2% (78.00 KB / 250.00 KB) | Speed: -- B/s
File: upload: final-lan-active.bin
[??????????????????????????????]  31.6% (79.00 KB / 250.00 KB) | Speed: -- B/s
File: upload: final-lan-active.bin
[??????????????????????????????]  32.0% (80.00 KB / 250.00 KB) | Speed: -- B/s
File: upload: final-lan-active.bin
[??????????????????????????????]  32.4% (81.00 KB / 250.00 KB) | Speed: -- B/s
File: upload: final-lan-active.bin
[??????????????????????????????]  32.8% (82.00 KB / 250.00 KB) | Speed: -- B/s
File: upload: final-lan-active.bin
[??????????????????????????????]  33.2% (83.00 KB / 250.00 KB) | Speed: -- B/s
File: upload: final-lan-active.bin
[??????????????????????????????]  33.6% (84.00 KB / 250.00 KB) | Speed: -- B/s
File: upload: final-lan-active.bin
[??????????????????????????????]  34.0% (85.00 KB / 250.00 KB) | Speed: -- B/s
File: upload: final-lan-active.bin
[??????????????????????????????]  34.4% (86.00 KB / 250.00 KB) | Speed: -- B/s
File: upload: final-lan-active.bin
[??????????????????????????????]  34.8% (87.00 KB / 250.00 KB) | Speed: -- B/s
File: upload: final-lan-active.bin
[??????????????????????????????]  35.2% (88.00 KB / 250.00 KB) | Speed: -- B/s
File: upload: final-lan-active.bin
[??????????????????????????????]  35.6% (89.00 KB / 250.00 KB) | Speed: -- B/s
File: upload: final-lan-active.bin
[??????????????????????????????]  36.0% (90.00 KB / 250.00 KB) | Speed: -- B/s
File: upload: final-lan-active.bin
[??????????????????????????????]  36.4% (91.00 KB / 250.00 KB) | Speed: -- B/s
File: upload: final-lan-active.bin
[??????????????????????????????]  36.8% (92.00 KB / 250.00 KB) | Speed: -- B/s
File: upload: final-lan-active.bin
[??????????????????????????????]  37.2% (93.00 KB / 250.00 KB) | Speed: -- B/s
File: upload: final-lan-active.bin
[??????????????????????????????]  37.6% (94.00 KB / 250.00 KB) | Speed: -- B/s
File: upload: final-lan-active.bin
[??????????????????????????????]  38.0% (95.00 KB / 250.00 KB) | Speed: -- B/s
File: upload: final-lan-active.bin
[??????????????????????????????]  38.4% (96.00 KB / 250.00 KB) | Speed: -- B/s
File: upload: final-lan-active.bin
[??????????????????????????????]  38.8% (97.00 KB / 250.00 KB) | Speed: -- B/s
File: upload: final-lan-active.bin
[??????????????????????????????]  39.2% (98.00 KB / 250.00 KB) | Speed: -- B/s
File: upload: final-lan-active.bin
[??????????????????????????????]  39.6% (99.00 KB / 250.00 KB) | Speed: -- B/s
File: upload: final-lan-active.bin
[??????????????????????????????]  40.0% (100.00 KB / 250.00 KB) | Speed: -- B/s
File: upload: final-lan-active.bin
[??????????????????????????????]  40.4% (101.00 KB / 250.00 KB) | Speed: -- B/s
File: upload: final-lan-active.bin
[??????????????????????????????]  40.8% (102.00 KB / 250.00 KB) | Speed: -- B/s
File: upload: final-lan-active.bin
[??????????????????????????????]  41.2% (103.00 KB / 250.00 KB) | Speed: -- B/s
File: upload: final-lan-active.bin
[??????????????????????????????]  41.6% (104.00 KB / 250.00 KB) | Speed: -- B/s
File: upload: final-lan-active.bin
[??????????????????????????????]  42.0% (105.00 KB / 250.00 KB) | Speed: -- B/s
File: upload: final-lan-active.bin
[??????????????????????????????]  42.4% (106.00 KB / 250.00 KB) | Speed: -- B/s
File: upload: final-lan-active.bin
[??????????????????????????????]  42.8% (107.00 KB / 250.00 KB) | Speed: -- B/s
File: upload: final-lan-active.bin
[??????????????????????????????]  43.2% (108.00 KB / 250.00 KB) | Speed: -- B/s
File: upload: final-lan-active.bin
[??????????????????????????????]  43.6% (109.00 KB / 250.00 KB) | Speed: -- B/s
File: upload: final-lan-active.bin
[??????????????????????????????]  44.0% (110.00 KB / 250.00 KB) | Speed: -- B/s
File: upload: final-lan-active.bin
[??????????????????????????????]  44.4% (111.00 KB / 250.00 KB) | Speed: -- B/s
File: upload: final-lan-active.bin
[??????????????????????????????]  44.8% (112.00 KB / 250.00 KB) | Speed: -- B/s
File: upload: final-lan-active.bin
[??????????????????????????????]  45.2% (113.00 KB / 250.00 KB) | Speed: -- B/s
File: upload: final-lan-active.bin
[??????????????????????????????]  45.6% (114.00 KB / 250.00 KB) | Speed: -- B/s
File: upload: final-lan-active.bin
[??????????????????????????????]  46.0% (115.00 KB / 250.00 KB) | Speed: -- B/s
File: upload: final-lan-active.bin
[??????????????????????????????]  46.4% (116.00 KB / 250.00 KB) | Speed: -- B/s
File: upload: final-lan-active.bin
[??????????????????????????????]  46.8% (117.00 KB / 250.00 KB) | Speed: -- B/s
File: upload: final-lan-active.bin
[??????????????????????????????]  47.2% (118.00 KB / 250.00 KB) | Speed: -- B/s
File: upload: final-lan-active.bin
[??????????????????????????????]  47.6% (119.00 KB / 250.00 KB) | Speed: -- B/s
File: upload: final-lan-active.bin
[??????????????????????????????]  48.0% (120.00 KB / 250.00 KB) | Speed: -- B/s
File: upload: final-lan-active.bin
[??????????????????????????????]  48.4% (121.00 KB / 250.00 KB) | Speed: -- B/s
File: upload: final-lan-active.bin
[??????????????????????????????]  48.8% (122.00 KB / 250.00 KB) | Speed: -- B/s
File: upload: final-lan-active.bin
[??????????????????????????????]  49.2% (123.00 KB / 250.00 KB) | Speed: -- B/s
File: upload: final-lan-active.bin
[??????????????????????????????]  49.6% (124.00 KB / 250.00 KB) | Speed: -- B/s
File: upload: final-lan-active.bin
[??????????????????????????????]  50.0% (125.00 KB / 250.00 KB) | Speed: -- B/s
File: upload: final-lan-active.bin
[??????????????????????????????]  50.4% (126.00 KB / 250.00 KB) | Speed: -- B/s
File: upload: final-lan-active.bin
[??????????????????????????????]  50.8% (127.00 KB / 250.00 KB) | Speed: -- B/s
File: upload: final-lan-active.bin
[??????????????????????????????]  51.2% (128.00 KB / 250.00 KB) | Speed: -- B/s
File: upload: final-lan-active.bin
[??????????????????????????????]  51.6% (129.00 KB / 250.00 KB) | Speed: -- B/s
File: upload: final-lan-active.bin
[??????????????????????????????]  52.0% (130.00 KB / 250.00 KB) | Speed: -- B/s
File: upload: final-lan-active.bin
[??????????????????????????????]  52.4% (131.00 KB / 250.00 KB) | Speed: -- B/s
File: upload: final-lan-active.bin
[??????????????????????????????]  52.8% (132.00 KB / 250.00 KB) | Speed: -- B/s
File: upload: final-lan-active.bin
[??????????????????????????????]  53.2% (133.00 KB / 250.00 KB) | Speed: -- B/s
File: upload: final-lan-active.bin
[??????????????????????????????]  53.6% (134.00 KB / 250.00 KB) | Speed: -- B/s
File: upload: final-lan-active.bin
[??????????????????????????????]  54.0% (135.00 KB / 250.00 KB) | Speed: -- B/s
File: upload: final-lan-active.bin
[??????????????????????????????]  54.4% (136.00 KB / 250.00 KB) | Speed: -- B/s
File: upload: final-lan-active.bin
[??????????????????????????????]  54.8% (137.00 KB / 250.00 KB) | Speed: -- B/s
File: upload: final-lan-active.bin
[??????????????????????????????]  55.2% (138.00 KB / 250.00 KB) | Speed: -- B/s
File: upload: final-lan-active.bin
[??????????????????????????????]  55.6% (139.00 KB / 250.00 KB) | Speed: -- B/s
File: upload: final-lan-active.bin
[??????????????????????????????]  56.0% (140.00 KB / 250.00 KB) | Speed: -- B/s
File: upload: final-lan-active.bin
[??????????????????????????????]  56.4% (141.00 KB / 250.00 KB) | Speed: -- B/s
File: upload: final-lan-active.bin
[??????????????????????????????]  56.8% (142.00 KB / 250.00 KB) | Speed: -- B/s
File: upload: final-lan-active.bin
[??????????????????????????????]  57.2% (143.00 KB / 250.00 KB) | Speed: -- B/s
File: upload: final-lan-active.bin
[??????????????????????????????]  57.6% (144.00 KB / 250.00 KB) | Speed: -- B/s
File: upload: final-lan-active.bin
[??????????????????????????????]  58.0% (145.00 KB / 250.00 KB) | Speed: -- B/s
File: upload: final-lan-active.bin
[??????????????????????????????]  58.4% (146.00 KB / 250.00 KB) | Speed: -- B/s
File: upload: final-lan-active.bin
[??????????????????????????????]  58.8% (147.00 KB / 250.00 KB) | Speed: -- B/s
File: upload: final-lan-active.bin
[??????????????????????????????]  59.2% (148.00 KB / 250.00 KB) | Speed: -- B/s
File: upload: final-lan-active.bin
[??????????????????????????????]  59.6% (149.00 KB / 250.00 KB) | Speed: -- B/s
File: upload: final-lan-active.bin
[??????????????????????????????]  60.0% (150.00 KB / 250.00 KB) | Speed: -- B/s
File: upload: final-lan-active.bin
[??????????????????????????????]  60.4% (151.00 KB / 250.00 KB) | Speed: -- B/s
File: upload: final-lan-active.bin
[??????????????????????????????]  60.8% (152.00 KB / 250.00 KB) | Speed: -- B/s
File: upload: final-lan-active.bin
[??????????????????????????????]  61.2% (153.00 KB / 250.00 KB) | Speed: -- B/s
File: upload: final-lan-active.bin
[??????????????????????????????]  61.6% (154.00 KB / 250.00 KB) | Speed: -- B/s
File: upload: final-lan-active.bin
[??????????????????????????????]  62.0% (155.00 KB / 250.00 KB) | Speed: -- B/s
File: upload: final-lan-active.bin
[??????????????????????????????]  62.4% (156.00 KB / 250.00 KB) | Speed: -- B/s
File: upload: final-lan-active.bin
[??????????????????????????????]  62.8% (157.00 KB / 250.00 KB) | Speed: -- B/s
File: upload: final-lan-active.bin
[??????????????????????????????]  63.2% (158.00 KB / 250.00 KB) | Speed: -- B/s
File: upload: final-lan-active.bin
[??????????????????????????????]  63.6% (159.00 KB / 250.00 KB) | Speed: -- B/s
File: upload: final-lan-active.bin
[??????????????????????????????]  64.0% (160.00 KB / 250.00 KB) | Speed: -- B/s
File: upload: final-lan-active.bin
[??????????????????????????????]  64.4% (161.00 KB / 250.00 KB) | Speed: -- B/s
File: upload: final-lan-active.bin
[??????????????????????????????]  64.8% (162.00 KB / 250.00 KB) | Speed: -- B/s
File: upload: final-lan-active.bin
[??????????????????????????????]  65.2% (163.00 KB / 250.00 KB) | Speed: -- B/s
File: upload: final-lan-active.bin
[??????????????????????????????]  65.6% (164.00 KB / 250.00 KB) | Speed: -- B/s
File: upload: final-lan-active.bin
[??????????????????????????????]  66.0% (165.00 KB / 250.00 KB) | Speed: -- B/s
File: upload: final-lan-active.bin
[??????????????????????????????]  66.4% (166.00 KB / 250.00 KB) | Speed: -- B/s
File: upload: final-lan-active.bin
[??????????????????????????????]  66.8% (167.00 KB / 250.00 KB) | Speed: -- B/s
File: upload: final-lan-active.bin
[??????????????????????????????]  67.2% (168.00 KB / 250.00 KB) | Speed: -- B/s
File: upload: final-lan-active.bin
[??????????????????????????????]  67.6% (169.00 KB / 250.00 KB) | Speed: -- B/s
File: upload: final-lan-active.bin
[??????????????????????????????]  68.0% (170.00 KB / 250.00 KB) | Speed: -- B/s
File: upload: final-lan-active.bin
[??????????????????????????????]  68.4% (171.00 KB / 250.00 KB) | Speed: -- B/s
File: upload: final-lan-active.bin
[??????????????????????????????]  68.8% (172.00 KB / 250.00 KB) | Speed: -- B/s
File: upload: final-lan-active.bin
[??????????????????????????????]  69.2% (173.00 KB / 250.00 KB) | Speed: -- B/s
File: upload: final-lan-active.bin
[??????????????????????????????]  69.6% (174.00 KB / 250.00 KB) | Speed: -- B/s
File: upload: final-lan-active.bin
[??????????????????????????????]  70.0% (175.00 KB / 250.00 KB) | Speed: -- B/s
[RDT][Timeout] Go-Back-N retry (1/10)
File: upload: final-lan-active.bin
[??????????????????????????????]  70.4% (176.00 KB / 250.00 KB) | Speed: -- B/s
File: upload: final-lan-active.bin
[??????????????????????????????]  70.8% (177.00 KB / 250.00 KB) | Speed: -- B/s
File: upload: final-lan-active.bin
[??????????????????????????????]  71.2% (178.00 KB / 250.00 KB) | Speed: -- B/s
File: upload: final-lan-active.bin
[??????????????????????????????]  71.6% (179.00 KB / 250.00 KB) | Speed: -- B/s
File: upload: final-lan-active.bin
[??????????????????????????????]  72.0% (180.00 KB / 250.00 KB) | Speed: -- B/s
File: upload: final-lan-active.bin
[??????????????????????????????]  72.4% (181.00 KB / 250.00 KB) | Speed: -- B/s
File: upload: final-lan-active.bin
[??????????????????????????????]  72.8% (182.00 KB / 250.00 KB) | Speed: -- B/s
File: upload: final-lan-active.bin
[??????????????????????????????]  73.2% (183.00 KB / 250.00 KB) | Speed: -- B/s
File: upload: final-lan-active.bin
[??????????????????????????????]  73.6% (184.00 KB / 250.00 KB) | Speed: -- B/s
File: upload: final-lan-active.bin
[??????????????????????????????]  74.0% (185.00 KB / 250.00 KB) | Speed: -- B/s
File: upload: final-lan-active.bin
[??????????????????????????????]  74.4% (186.00 KB / 250.00 KB) | Speed: -- B/s
File: upload: final-lan-active.bin
[??????????????????????????????]  74.8% (187.00 KB / 250.00 KB) | Speed: -- B/s
File: upload: final-lan-active.bin
[??????????????????????????????]  75.2% (188.00 KB / 250.00 KB) | Speed: -- B/s
File: upload: final-lan-active.bin
[??????????????????????????????]  75.6% (189.00 KB / 250.00 KB) | Speed: -- B/s
File: upload: final-lan-active.bin
[??????????????????????????????]  76.0% (190.00 KB / 250.00 KB) | Speed: -- B/s
File: upload: final-lan-active.bin
[??????????????????????????????]  76.4% (191.00 KB / 250.00 KB) | Speed: -- B/s
File: upload: final-lan-active.bin
[??????????????????????????????]  76.8% (192.00 KB / 250.00 KB) | Speed: -- B/s
File: upload: final-lan-active.bin
[??????????????????????????????]  77.2% (193.00 KB / 250.00 KB) | Speed: -- B/s
File: upload: final-lan-active.bin
[??????????????????????????????]  77.6% (194.00 KB / 250.00 KB) | Speed: -- B/s
File: upload: final-lan-active.bin
[??????????????????????????????]  78.0% (195.00 KB / 250.00 KB) | Speed: -- B/s
File: upload: final-lan-active.bin
[??????????????????????????????]  78.4% (196.00 KB / 250.00 KB) | Speed: -- B/s
File: upload: final-lan-active.bin
[??????????????????????????????]  78.8% (197.00 KB / 250.00 KB) | Speed: -- B/s
File: upload: final-lan-active.bin
[??????????????????????????????]  79.2% (198.00 KB / 250.00 KB) | Speed: -- B/s
File: upload: final-lan-active.bin
[??????????????????????????????]  79.6% (199.00 KB / 250.00 KB) | Speed: -- B/s
File: upload: final-lan-active.bin
[??????????????????????????????]  80.0% (200.00 KB / 250.00 KB) | Speed: -- B/s
File: upload: final-lan-active.bin
[??????????????????????????????]  80.4% (201.00 KB / 250.00 KB) | Speed: -- B/s
File: upload: final-lan-active.bin
[??????????????????????????????]  80.8% (202.00 KB / 250.00 KB) | Speed: -- B/s
File: upload: final-lan-active.bin
[??????????????????????????????]  81.2% (203.00 KB / 250.00 KB) | Speed: -- B/s
File: upload: final-lan-active.bin
[??????????????????????????????]  81.6% (204.00 KB / 250.00 KB) | Speed: -- B/s
File: upload: final-lan-active.bin
[??????????????????????????????]  82.0% (205.00 KB / 250.00 KB) | Speed: -- B/s
File: upload: final-lan-active.bin
[??????????????????????????????]  82.4% (206.00 KB / 250.00 KB) | Speed: -- B/s
File: upload: final-lan-active.bin
[??????????????????????????????]  82.8% (207.00 KB / 250.00 KB) | Speed: -- B/s
File: upload: final-lan-active.bin
[??????????????????????????????]  83.2% (208.00 KB / 250.00 KB) | Speed: -- B/s
File: upload: final-lan-active.bin
[??????????????????????????????]  83.6% (209.00 KB / 250.00 KB) | Speed: -- B/s
File: upload: final-lan-active.bin
[??????????????????????????????]  84.0% (210.00 KB / 250.00 KB) | Speed: -- B/s
File: upload: final-lan-active.bin
[??????????????????????????????]  84.4% (211.00 KB / 250.00 KB) | Speed: -- B/s
File: upload: final-lan-active.bin
[??????????????????????????????]  84.8% (212.00 KB / 250.00 KB) | Speed: -- B/s
File: upload: final-lan-active.bin
[??????????????????????????????]  85.2% (213.00 KB / 250.00 KB) | Speed: -- B/s
File: upload: final-lan-active.bin
[??????????????????????????????]  85.6% (214.00 KB / 250.00 KB) | Speed: -- B/s
File: upload: final-lan-active.bin
[??????????????????????????????]  86.0% (215.00 KB / 250.00 KB) | Speed: -- B/s
File: upload: final-lan-active.bin
[??????????????????????????????]  86.4% (216.00 KB / 250.00 KB) | Speed: -- B/s
File: upload: final-lan-active.bin
[??????????????????????????????]  86.8% (217.00 KB / 250.00 KB) | Speed: -- B/s
File: upload: final-lan-active.bin
[??????????????????????????????]  87.2% (218.00 KB / 250.00 KB) | Speed: -- B/s
File: upload: final-lan-active.bin
[??????????????????????????????]  87.6% (219.00 KB / 250.00 KB) | Speed: -- B/s
File: upload: final-lan-active.bin
[??????????????????????????????]  88.0% (220.00 KB / 250.00 KB) | Speed: -- B/s
File: upload: final-lan-active.bin
[??????????????????????????????]  88.4% (221.00 KB / 250.00 KB) | Speed: -- B/s
File: upload: final-lan-active.bin
[??????????????????????????????]  88.8% (222.00 KB / 250.00 KB) | Speed: -- B/s
File: upload: final-lan-active.bin
[??????????????????????????????]  89.2% (223.00 KB / 250.00 KB) | Speed: -- B/s
File: upload: final-lan-active.bin
[??????????????????????????????]  89.6% (224.00 KB / 250.00 KB) | Speed: -- B/s
File: upload: final-lan-active.bin
[??????????????????????????????]  90.0% (225.00 KB / 250.00 KB) | Speed: -- B/s
File: upload: final-lan-active.bin
[??????????????????????????????]  90.4% (226.00 KB / 250.00 KB) | Speed: -- B/s
File: upload: final-lan-active.bin
[??????????????????????????????]  90.8% (227.00 KB / 250.00 KB) | Speed: -- B/s
File: upload: final-lan-active.bin
[??????????????????????????????]  91.2% (228.00 KB / 250.00 KB) | Speed: -- B/s
File: upload: final-lan-active.bin
[??????????????????????????????]  91.6% (229.00 KB / 250.00 KB) | Speed: -- B/s
File: upload: final-lan-active.bin
[??????????????????????????????]  92.0% (230.00 KB / 250.00 KB) | Speed: -- B/s
File: upload: final-lan-active.bin
[??????????????????????????????]  92.4% (231.00 KB / 250.00 KB) | Speed: -- B/s
File: upload: final-lan-active.bin
[??????????????????????????????]  92.8% (232.00 KB / 250.00 KB) | Speed: -- B/s
File: upload: final-lan-active.bin
[??????????????????????????????]  93.2% (233.00 KB / 250.00 KB) | Speed: -- B/s
File: upload: final-lan-active.bin
[??????????????????????????????]  93.6% (234.00 KB / 250.00 KB) | Speed: -- B/s
File: upload: final-lan-active.bin
[??????????????????????????????]  94.0% (235.00 KB / 250.00 KB) | Speed: -- B/s
File: upload: final-lan-active.bin
[??????????????????????????????]  94.4% (236.00 KB / 250.00 KB) | Speed: -- B/s
File: upload: final-lan-active.bin
[??????????????????????????????]  94.8% (237.00 KB / 250.00 KB) | Speed: -- B/s
File: upload: final-lan-active.bin
[??????????????????????????????]  95.2% (238.00 KB / 250.00 KB) | Speed: -- B/s
File: upload: final-lan-active.bin
[??????????????????????????????]  95.6% (239.00 KB / 250.00 KB) | Speed: -- B/s
File: upload: final-lan-active.bin
[??????????????????????????????]  96.0% (240.00 KB / 250.00 KB) | Speed: -- B/s
File: upload: final-lan-active.bin
[??????????????????????????????]  96.4% (241.00 KB / 250.00 KB) | Speed: -- B/s
File: upload: final-lan-active.bin
[??????????????????????????????]  96.8% (242.00 KB / 250.00 KB) | Speed: -- B/s
File: upload: final-lan-active.bin
[??????????????????????????????]  97.2% (243.00 KB / 250.00 KB) | Speed: -- B/s
File: upload: final-lan-active.bin
[??????????????????????????????]  97.6% (244.00 KB / 250.00 KB) | Speed: -- B/s
File: upload: final-lan-active.bin
[??????????????????????????????]  98.0% (245.00 KB / 250.00 KB) | Speed: -- B/s
File: upload: final-lan-active.bin
[??????????????????????????????]  98.4% (246.00 KB / 250.00 KB) | Speed: -- B/s
File: upload: final-lan-active.bin
[??????????????????????????????]  98.8% (247.00 KB / 250.00 KB) | Speed: -- B/s
File: upload: final-lan-active.bin
[??????????????????????????????]  99.2% (248.00 KB / 250.00 KB) | Speed: -- B/s
File: upload: final-lan-active.bin
[??????????????????????????????]  99.6% (249.00 KB / 250.00 KB) | Speed: -- B/s
File: upload: final-lan-active.bin
[??????????????????????????????] 100.0% (250.00 KB / 250.00 KB) | Speed: -- B/s
[RDT][Start] File size: 256000 bytes
File: download: final-lan-active.bin
[??????????????????????????????]   0.4% (1.00 KB / 250.00 KB) | Speed: -- B/s
File: download: final-lan-active.bin
[??????????????????????????????]   0.8% (2.00 KB / 250.00 KB) | Speed: -- B/s
File: download: final-lan-active.bin
[??????????????????????????????]   1.2% (3.00 KB / 250.00 KB) | Speed: -- B/s
File: download: final-lan-active.bin
[??????????????????????????????]   1.6% (4.00 KB / 250.00 KB) | Speed: -- B/s
File: download: final-lan-active.bin
[??????????????????????????????]   2.0% (5.00 KB / 250.00 KB) | Speed: -- B/s
File: download: final-lan-active.bin
[??????????????????????????????]   2.4% (6.00 KB / 250.00 KB) | Speed: -- B/s
File: download: final-lan-active.bin
[??????????????????????????????]   2.8% (7.00 KB / 250.00 KB) | Speed: -- B/s
File: download: final-lan-active.bin
[??????????????????????????????]   3.2% (8.00 KB / 250.00 KB) | Speed: -- B/s
File: download: final-lan-active.bin
[??????????????????????????????]   3.6% (9.00 KB / 250.00 KB) | Speed: -- B/s
File: download: final-lan-active.bin
[??????????????????????????????]   4.0% (10.00 KB / 250.00 KB) | Speed: -- B/s
File: download: final-lan-active.bin
[??????????????????????????????]   4.4% (11.00 KB / 250.00 KB) | Speed: -- B/s
File: download: final-lan-active.bin
[??????????????????????????????]   4.8% (12.00 KB / 250.00 KB) | Speed: -- B/s
File: download: final-lan-active.bin
[??????????????????????????????]   5.2% (13.00 KB / 250.00 KB) | Speed: -- B/s
File: download: final-lan-active.bin
[??????????????????????????????]   5.6% (14.00 KB / 250.00 KB) | Speed: -- B/s
File: download: final-lan-active.bin
[??????????????????????????????]   6.0% (15.00 KB / 250.00 KB) | Speed: -- B/s
File: download: final-lan-active.bin
[??????????????????????????????]   6.4% (16.00 KB / 250.00 KB) | Speed: -- B/s
File: download: final-lan-active.bin
[??????????????????????????????]   6.8% (17.00 KB / 250.00 KB) | Speed: -- B/s
File: download: final-lan-active.bin
[??????????????????????????????]   7.2% (18.00 KB / 250.00 KB) | Speed: -- B/s
File: download: final-lan-active.bin
[??????????????????????????????]   7.6% (19.00 KB / 250.00 KB) | Speed: -- B/s
File: download: final-lan-active.bin
[??????????????????????????????]   8.0% (20.00 KB / 250.00 KB) | Speed: -- B/s
File: download: final-lan-active.bin
[??????????????????????????????]   8.4% (21.00 KB / 250.00 KB) | Speed: -- B/s
File: download: final-lan-active.bin
[??????????????????????????????]   8.8% (22.00 KB / 250.00 KB) | Speed: -- B/s
File: download: final-lan-active.bin
[??????????????????????????????]   9.2% (23.00 KB / 250.00 KB) | Speed: -- B/s
File: download: final-lan-active.bin
[??????????????????????????????]   9.6% (24.00 KB / 250.00 KB) | Speed: -- B/s
File: download: final-lan-active.bin
[??????????????????????????????]  10.0% (25.00 KB / 250.00 KB) | Speed: -- B/s
File: download: final-lan-active.bin
[??????????????????????????????]  10.4% (26.00 KB / 250.00 KB) | Speed: -- B/s
File: download: final-lan-active.bin
[??????????????????????????????]  10.8% (27.00 KB / 250.00 KB) | Speed: -- B/s
File: download: final-lan-active.bin
[??????????????????????????????]  11.2% (28.00 KB / 250.00 KB) | Speed: -- B/s
File: download: final-lan-active.bin
[??????????????????????????????]  11.6% (29.00 KB / 250.00 KB) | Speed: -- B/s
File: download: final-lan-active.bin
[??????????????????????????????]  12.0% (30.00 KB / 250.00 KB) | Speed: -- B/s
File: download: final-lan-active.bin
[??????????????????????????????]  12.4% (31.00 KB / 250.00 KB) | Speed: -- B/s
File: download: final-lan-active.bin
[??????????????????????????????]  12.8% (32.00 KB / 250.00 KB) | Speed: -- B/s
File: download: final-lan-active.bin
[??????????????????????????????]  13.2% (33.00 KB / 250.00 KB) | Speed: -- B/s
File: download: final-lan-active.bin
[??????????????????????????????]  13.6% (34.00 KB / 250.00 KB) | Speed: -- B/s
File: download: final-lan-active.bin
[??????????????????????????????]  14.0% (35.00 KB / 250.00 KB) | Speed: -- B/s
File: download: final-lan-active.bin
[??????????????????????????????]  14.4% (36.00 KB / 250.00 KB) | Speed: -- B/s
File: download: final-lan-active.bin
[??????????????????????????????]  14.8% (37.00 KB / 250.00 KB) | Speed: -- B/s
File: download: final-lan-active.bin
[??????????????????????????????]  15.2% (38.00 KB / 250.00 KB) | Speed: -- B/s
File: download: final-lan-active.bin
[??????????????????????????????]  15.6% (39.00 KB / 250.00 KB) | Speed: -- B/s
File: download: final-lan-active.bin
[??????????????????????????????]  16.0% (40.00 KB / 250.00 KB) | Speed: -- B/s
File: download: final-lan-active.bin
[??????????????????????????????]  16.4% (41.00 KB / 250.00 KB) | Speed: -- B/s
File: download: final-lan-active.bin
[??????????????????????????????]  16.8% (42.00 KB / 250.00 KB) | Speed: -- B/s
File: download: final-lan-active.bin
[??????????????????????????????]  17.2% (43.00 KB / 250.00 KB) | Speed: -- B/s
File: download: final-lan-active.bin
[??????????????????????????????]  17.6% (44.00 KB / 250.00 KB) | Speed: -- B/s
File: download: final-lan-active.bin
[??????????????????????????????]  18.0% (45.00 KB / 250.00 KB) | Speed: -- B/s
File: download: final-lan-active.bin
[??????????????????????????????]  18.4% (46.00 KB / 250.00 KB) | Speed: -- B/s
File: download: final-lan-active.bin
[??????????????????????????????]  18.8% (47.00 KB / 250.00 KB) | Speed: -- B/s
File: download: final-lan-active.bin
[??????????????????????????????]  19.2% (48.00 KB / 250.00 KB) | Speed: -- B/s
File: download: final-lan-active.bin
[??????????????????????????????]  19.6% (49.00 KB / 250.00 KB) | Speed: -- B/s
File: download: final-lan-active.bin
[??????????????????????????????]  20.0% (50.00 KB / 250.00 KB) | Speed: -- B/s
File: download: final-lan-active.bin
[??????????????????????????????]  20.4% (51.00 KB / 250.00 KB) | Speed: -- B/s
File: download: final-lan-active.bin
[??????????????????????????????]  20.8% (52.00 KB / 250.00 KB) | Speed: -- B/s
File: download: final-lan-active.bin
[??????????????????????????????]  21.2% (53.00 KB / 250.00 KB) | Speed: -- B/s
File: download: final-lan-active.bin
[??????????????????????????????]  21.6% (54.00 KB / 250.00 KB) | Speed: -- B/s
File: download: final-lan-active.bin
[??????????????????????????????]  22.0% (55.00 KB / 250.00 KB) | Speed: -- B/s
File: download: final-lan-active.bin
[??????????????????????????????]  22.4% (56.00 KB / 250.00 KB) | Speed: -- B/s
File: download: final-lan-active.bin
[??????????????????????????????]  22.8% (57.00 KB / 250.00 KB) | Speed: -- B/s
File: download: final-lan-active.bin
[??????????????????????????????]  23.2% (58.00 KB / 250.00 KB) | Speed: -- B/s
File: download: final-lan-active.bin
[??????????????????????????????]  23.6% (59.00 KB / 250.00 KB) | Speed: -- B/s
File: download: final-lan-active.bin
[??????????????????????????????]  24.0% (60.00 KB / 250.00 KB) | Speed: -- B/s
File: download: final-lan-active.bin
[??????????????????????????????]  24.4% (61.00 KB / 250.00 KB) | Speed: -- B/s
File: download: final-lan-active.bin
[??????????????????????????????]  24.8% (62.00 KB / 250.00 KB) | Speed: -- B/s
File: download: final-lan-active.bin
[??????????????????????????????]  25.2% (63.00 KB / 250.00 KB) | Speed: -- B/s
File: download: final-lan-active.bin
[??????????????????????????????]  25.6% (64.00 KB / 250.00 KB) | Speed: -- B/s
File: download: final-lan-active.bin
[??????????????????????????????]  26.0% (65.00 KB / 250.00 KB) | Speed: -- B/s
File: download: final-lan-active.bin
[??????????????????????????????]  26.4% (66.00 KB / 250.00 KB) | Speed: -- B/s
File: download: final-lan-active.bin
[??????????????????????????????]  26.8% (67.00 KB / 250.00 KB) | Speed: -- B/s
File: download: final-lan-active.bin
[??????????????????????????????]  27.2% (68.00 KB / 250.00 KB) | Speed: -- B/s
File: download: final-lan-active.bin
[??????????????????????????????]  27.6% (69.00 KB / 250.00 KB) | Speed: -- B/s
File: download: final-lan-active.bin
[??????????????????????????????]  28.0% (70.00 KB / 250.00 KB) | Speed: -- B/s
File: download: final-lan-active.bin
[??????????????????????????????]  28.4% (71.00 KB / 250.00 KB) | Speed: -- B/s
File: download: final-lan-active.bin
[??????????????????????????????]  28.8% (72.00 KB / 250.00 KB) | Speed: -- B/s
File: download: final-lan-active.bin
[??????????????????????????????]  29.2% (73.00 KB / 250.00 KB) | Speed: -- B/s
File: download: final-lan-active.bin
[??????????????????????????????]  29.6% (74.00 KB / 250.00 KB) | Speed: -- B/s
File: download: final-lan-active.bin
[??????????????????????????????]  30.0% (75.00 KB / 250.00 KB) | Speed: -- B/s
File: download: final-lan-active.bin
[??????????????????????????????]  30.4% (76.00 KB / 250.00 KB) | Speed: -- B/s
File: download: final-lan-active.bin
[??????????????????????????????]  30.8% (77.00 KB / 250.00 KB) | Speed: -- B/s
File: download: final-lan-active.bin
[??????????????????????????????]  31.2% (78.00 KB / 250.00 KB) | Speed: -- B/s
File: download: final-lan-active.bin
[??????????????????????????????]  31.6% (79.00 KB / 250.00 KB) | Speed: -- B/s
File: download: final-lan-active.bin
[??????????????????????????????]  32.0% (80.00 KB / 250.00 KB) | Speed: -- B/s
File: download: final-lan-active.bin
[??????????????????????????????]  32.4% (81.00 KB / 250.00 KB) | Speed: -- B/s
File: download: final-lan-active.bin
[??????????????????????????????]  32.8% (82.00 KB / 250.00 KB) | Speed: -- B/s
File: download: final-lan-active.bin
[??????????????????????????????]  33.2% (83.00 KB / 250.00 KB) | Speed: -- B/s
File: download: final-lan-active.bin
[??????????????????????????????]  33.6% (84.00 KB / 250.00 KB) | Speed: -- B/s
File: download: final-lan-active.bin
[??????????????????????????????]  34.0% (85.00 KB / 250.00 KB) | Speed: -- B/s
File: download: final-lan-active.bin
[??????????????????????????????]  34.4% (86.00 KB / 250.00 KB) | Speed: -- B/s
File: download: final-lan-active.bin
[??????????????????????????????]  34.8% (87.00 KB / 250.00 KB) | Speed: -- B/s
File: download: final-lan-active.bin
[??????????????????????????????]  35.2% (88.00 KB / 250.00 KB) | Speed: -- B/s
File: download: final-lan-active.bin
[??????????????????????????????]  35.6% (89.00 KB / 250.00 KB) | Speed: -- B/s
File: download: final-lan-active.bin
[??????????????????????????????]  36.0% (90.00 KB / 250.00 KB) | Speed: -- B/s
File: download: final-lan-active.bin
[??????????????????????????????]  36.4% (91.00 KB / 250.00 KB) | Speed: -- B/s
File: download: final-lan-active.bin
[??????????????????????????????]  36.8% (92.00 KB / 250.00 KB) | Speed: -- B/s
File: download: final-lan-active.bin
[??????????????????????????????]  37.2% (93.00 KB / 250.00 KB) | Speed: -- B/s
File: download: final-lan-active.bin
[??????????????????????????????]  37.6% (94.00 KB / 250.00 KB) | Speed: -- B/s
File: download: final-lan-active.bin
[??????????????????????????????]  38.0% (95.00 KB / 250.00 KB) | Speed: -- B/s
File: download: final-lan-active.bin
[??????????????????????????????]  38.4% (96.00 KB / 250.00 KB) | Speed: -- B/s
File: download: final-lan-active.bin
[??????????????????????????????]  38.8% (97.00 KB / 250.00 KB) | Speed: -- B/s
File: download: final-lan-active.bin
[??????????????????????????????]  39.2% (98.00 KB / 250.00 KB) | Speed: -- B/s
File: download: final-lan-active.bin
[??????????????????????????????]  39.6% (99.00 KB / 250.00 KB) | Speed: -- B/s
File: download: final-lan-active.bin
[??????????????????????????????]  40.0% (100.00 KB / 250.00 KB) | Speed: -- B/s
File: download: final-lan-active.bin
[??????????????????????????????]  40.4% (101.00 KB / 250.00 KB) | Speed: -- B/s
File: download: final-lan-active.bin
[??????????????????????????????]  40.8% (102.00 KB / 250.00 KB) | Speed: -- B/s
File: download: final-lan-active.bin
[??????????????????????????????]  41.2% (103.00 KB / 250.00 KB) | Speed: -- B/s
File: download: final-lan-active.bin
[??????????????????????????????]  41.6% (104.00 KB / 250.00 KB) | Speed: -- B/s
File: download: final-lan-active.bin
[??????????????????????????????]  42.0% (105.00 KB / 250.00 KB) | Speed: -- B/s
File: download: final-lan-active.bin
[??????????????????????????????]  42.4% (106.00 KB / 250.00 KB) | Speed: -- B/s
File: download: final-lan-active.bin
[??????????????????????????????]  42.8% (107.00 KB / 250.00 KB) | Speed: -- B/s
File: download: final-lan-active.bin
[??????????????????????????????]  43.2% (108.00 KB / 250.00 KB) | Speed: -- B/s
File: download: final-lan-active.bin
[??????????????????????????????]  43.6% (109.00 KB / 250.00 KB) | Speed: -- B/s
File: download: final-lan-active.bin
[??????????????????????????????]  44.0% (110.00 KB / 250.00 KB) | Speed: -- B/s
File: download: final-lan-active.bin
[??????????????????????????????]  44.4% (111.00 KB / 250.00 KB) | Speed: -- B/s
File: download: final-lan-active.bin
[??????????????????????????????]  44.8% (112.00 KB / 250.00 KB) | Speed: -- B/s
File: download: final-lan-active.bin
[??????????????????????????????]  45.2% (113.00 KB / 250.00 KB) | Speed: -- B/s
File: download: final-lan-active.bin
[??????????????????????????????]  45.6% (114.00 KB / 250.00 KB) | Speed: -- B/s
File: download: final-lan-active.bin
[??????????????????????????????]  46.0% (115.00 KB / 250.00 KB) | Speed: -- B/s
File: download: final-lan-active.bin
[??????????????????????????????]  46.4% (116.00 KB / 250.00 KB) | Speed: -- B/s
File: download: final-lan-active.bin
[??????????????????????????????]  46.8% (117.00 KB / 250.00 KB) | Speed: -- B/s
File: download: final-lan-active.bin
[??????????????????????????????]  47.2% (118.00 KB / 250.00 KB) | Speed: -- B/s
File: download: final-lan-active.bin
[??????????????????????????????]  47.6% (119.00 KB / 250.00 KB) | Speed: -- B/s
File: download: final-lan-active.bin
[??????????????????????????????]  48.0% (120.00 KB / 250.00 KB) | Speed: -- B/s
File: download: final-lan-active.bin
[??????????????????????????????]  48.4% (121.00 KB / 250.00 KB) | Speed: -- B/s
File: download: final-lan-active.bin
[??????????????????????????????]  48.8% (122.00 KB / 250.00 KB) | Speed: -- B/s
File: download: final-lan-active.bin
[??????????????????????????????]  49.2% (123.00 KB / 250.00 KB) | Speed: -- B/s
File: download: final-lan-active.bin
[??????????????????????????????]  49.6% (124.00 KB / 250.00 KB) | Speed: -- B/s
File: download: final-lan-active.bin
[??????????????????????????????]  50.0% (125.00 KB / 250.00 KB) | Speed: -- B/s
File: download: final-lan-active.bin
[??????????????????????????????]  50.4% (126.00 KB / 250.00 KB) | Speed: -- B/s
File: download: final-lan-active.bin
[??????????????????????????????]  50.8% (127.00 KB / 250.00 KB) | Speed: -- B/s
File: download: final-lan-active.bin
[??????????????????????????????]  51.2% (128.00 KB / 250.00 KB) | Speed: -- B/s
File: download: final-lan-active.bin
[??????????????????????????????]  51.6% (129.00 KB / 250.00 KB) | Speed: -- B/s
File: download: final-lan-active.bin
[??????????????????????????????]  52.0% (130.00 KB / 250.00 KB) | Speed: -- B/s
File: download: final-lan-active.bin
[??????????????????????????????]  52.4% (131.00 KB / 250.00 KB) | Speed: -- B/s
File: download: final-lan-active.bin
[??????????????????????????????]  52.8% (132.00 KB / 250.00 KB) | Speed: -- B/s
File: download: final-lan-active.bin
[??????????????????????????????]  53.2% (133.00 KB / 250.00 KB) | Speed: -- B/s
File: download: final-lan-active.bin
[??????????????????????????????]  53.6% (134.00 KB / 250.00 KB) | Speed: -- B/s
File: download: final-lan-active.bin
[??????????????????????????????]  54.0% (135.00 KB / 250.00 KB) | Speed: -- B/s
File: download: final-lan-active.bin
[??????????????????????????????]  54.4% (136.00 KB / 250.00 KB) | Speed: -- B/s
File: download: final-lan-active.bin
[??????????????????????????????]  54.8% (137.00 KB / 250.00 KB) | Speed: -- B/s
File: download: final-lan-active.bin
[??????????????????????????????]  55.2% (138.00 KB / 250.00 KB) | Speed: -- B/s
File: download: final-lan-active.bin
[??????????????????????????????]  55.6% (139.00 KB / 250.00 KB) | Speed: -- B/s
File: download: final-lan-active.bin
[??????????????????????????????]  56.0% (140.00 KB / 250.00 KB) | Speed: -- B/s
File: download: final-lan-active.bin
[??????????????????????????????]  56.4% (141.00 KB / 250.00 KB) | Speed: -- B/s
File: download: final-lan-active.bin
[??????????????????????????????]  56.8% (142.00 KB / 250.00 KB) | Speed: -- B/s
File: download: final-lan-active.bin
[??????????????????????????????]  57.2% (143.00 KB / 250.00 KB) | Speed: -- B/s
File: download: final-lan-active.bin
[??????????????????????????????]  57.6% (144.00 KB / 250.00 KB) | Speed: -- B/s
File: download: final-lan-active.bin
[??????????????????????????????]  58.0% (145.00 KB / 250.00 KB) | Speed: -- B/s
File: download: final-lan-active.bin
[??????????????????????????????]  58.4% (146.00 KB / 250.00 KB) | Speed: -- B/s
File: download: final-lan-active.bin
[??????????????????????????????]  58.8% (147.00 KB / 250.00 KB) | Speed: -- B/s
File: download: final-lan-active.bin
[??????????????????????????????]  59.2% (148.00 KB / 250.00 KB) | Speed: -- B/s
File: download: final-lan-active.bin
[??????????????????????????????]  59.6% (149.00 KB / 250.00 KB) | Speed: -- B/s
File: download: final-lan-active.bin
[??????????????????????????????]  60.0% (150.00 KB / 250.00 KB) | Speed: -- B/s
File: download: final-lan-active.bin
[??????????????????????????????]  60.4% (151.00 KB / 250.00 KB) | Speed: -- B/s
File: download: final-lan-active.bin
[??????????????????????????????]  60.8% (152.00 KB / 250.00 KB) | Speed: -- B/s
File: download: final-lan-active.bin
[??????????????????????????????]  61.2% (153.00 KB / 250.00 KB) | Speed: -- B/s
File: download: final-lan-active.bin
[??????????????????????????????]  61.6% (154.00 KB / 250.00 KB) | Speed: -- B/s
File: download: final-lan-active.bin
[??????????????????????????????]  62.0% (155.00 KB / 250.00 KB) | Speed: -- B/s
File: download: final-lan-active.bin
[??????????????????????????????]  62.4% (156.00 KB / 250.00 KB) | Speed: -- B/s
File: download: final-lan-active.bin
[??????????????????????????????]  62.8% (157.00 KB / 250.00 KB) | Speed: -- B/s
File: download: final-lan-active.bin
[??????????????????????????????]  63.2% (158.00 KB / 250.00 KB) | Speed: -- B/s
File: download: final-lan-active.bin
[??????????????????????????????]  63.6% (159.00 KB / 250.00 KB) | Speed: -- B/s
File: download: final-lan-active.bin
[??????????????????????????????]  64.0% (160.00 KB / 250.00 KB) | Speed: -- B/s
File: download: final-lan-active.bin
[??????????????????????????????]  64.4% (161.00 KB / 250.00 KB) | Speed: -- B/s
File: download: final-lan-active.bin
[??????????????????????????????]  64.8% (162.00 KB / 250.00 KB) | Speed: -- B/s
File: download: final-lan-active.bin
[??????????????????????????????]  65.2% (163.00 KB / 250.00 KB) | Speed: -- B/s
File: download: final-lan-active.bin
[??????????????????????????????]  65.6% (164.00 KB / 250.00 KB) | Speed: -- B/s
File: download: final-lan-active.bin
[??????????????????????????????]  66.0% (165.00 KB / 250.00 KB) | Speed: -- B/s
File: download: final-lan-active.bin
[??????????????????????????????]  66.4% (166.00 KB / 250.00 KB) | Speed: -- B/s
File: download: final-lan-active.bin
[??????????????????????????????]  66.8% (167.00 KB / 250.00 KB) | Speed: -- B/s
File: download: final-lan-active.bin
[??????????????????????????????]  67.2% (168.00 KB / 250.00 KB) | Speed: -- B/s
File: download: final-lan-active.bin
[??????????????????????????????]  67.6% (169.00 KB / 250.00 KB) | Speed: -- B/s
File: download: final-lan-active.bin
[??????????????????????????????]  68.0% (170.00 KB / 250.00 KB) | Speed: -- B/s
File: download: final-lan-active.bin
[??????????????????????????????]  68.4% (171.00 KB / 250.00 KB) | Speed: -- B/s
File: download: final-lan-active.bin
[??????????????????????????????]  68.8% (172.00 KB / 250.00 KB) | Speed: -- B/s
File: download: final-lan-active.bin
[??????????????????????????????]  69.2% (173.00 KB / 250.00 KB) | Speed: -- B/s
File: download: final-lan-active.bin
[??????????????????????????????]  69.6% (174.00 KB / 250.00 KB) | Speed: -- B/s
File: download: final-lan-active.bin
[??????????????????????????????]  70.0% (175.00 KB / 250.00 KB) | Speed: -- B/s
File: download: final-lan-active.bin
[??????????????????????????????]  70.4% (176.00 KB / 250.00 KB) | Speed: -- B/s
File: download: final-lan-active.bin
[??????????????????????????????]  70.8% (177.00 KB / 250.00 KB) | Speed: -- B/s
File: download: final-lan-active.bin
[??????????????????????????????]  71.2% (178.00 KB / 250.00 KB) | Speed: -- B/s
File: download: final-lan-active.bin
[??????????????????????????????]  71.6% (179.00 KB / 250.00 KB) | Speed: -- B/s
File: download: final-lan-active.bin
[??????????????????????????????]  72.0% (180.00 KB / 250.00 KB) | Speed: -- B/s
File: download: final-lan-active.bin
[??????????????????????????????]  72.4% (181.00 KB / 250.00 KB) | Speed: -- B/s
File: download: final-lan-active.bin
[??????????????????????????????]  72.8% (182.00 KB / 250.00 KB) | Speed: -- B/s
File: download: final-lan-active.bin
[??????????????????????????????]  73.2% (183.00 KB / 250.00 KB) | Speed: -- B/s
File: download: final-lan-active.bin
[??????????????????????????????]  73.6% (184.00 KB / 250.00 KB) | Speed: -- B/s
File: download: final-lan-active.bin
[??????????????????????????????]  74.0% (185.00 KB / 250.00 KB) | Speed: -- B/s
File: download: final-lan-active.bin
[??????????????????????????????]  74.4% (186.00 KB / 250.00 KB) | Speed: -- B/s
File: download: final-lan-active.bin
[??????????????????????????????]  74.8% (187.00 KB / 250.00 KB) | Speed: -- B/s
File: download: final-lan-active.bin
[??????????????????????????????]  75.2% (188.00 KB / 250.00 KB) | Speed: -- B/s
File: download: final-lan-active.bin
[??????????????????????????????]  75.6% (189.00 KB / 250.00 KB) | Speed: -- B/s
File: download: final-lan-active.bin
[??????????????????????????????]  76.0% (190.00 KB / 250.00 KB) | Speed: -- B/s
File: download: final-lan-active.bin
[??????????????????????????????]  76.4% (191.00 KB / 250.00 KB) | Speed: -- B/s
File: download: final-lan-active.bin
[??????????????????????????????]  76.8% (192.00 KB / 250.00 KB) | Speed: -- B/s
File: download: final-lan-active.bin
[??????????????????????????????]  77.2% (193.00 KB / 250.00 KB) | Speed: -- B/s
File: download: final-lan-active.bin
[??????????????????????????????]  77.6% (194.00 KB / 250.00 KB) | Speed: -- B/s
File: download: final-lan-active.bin
[??????????????????????????????]  78.0% (195.00 KB / 250.00 KB) | Speed: -- B/s
File: download: final-lan-active.bin
[??????????????????????????????]  78.4% (196.00 KB / 250.00 KB) | Speed: -- B/s
File: download: final-lan-active.bin
[??????????????????????????????]  78.8% (197.00 KB / 250.00 KB) | Speed: -- B/s
File: download: final-lan-active.bin
[??????????????????????????????]  79.2% (198.00 KB / 250.00 KB) | Speed: -- B/s
File: download: final-lan-active.bin
[??????????????????????????????]  79.6% (199.00 KB / 250.00 KB) | Speed: -- B/s
File: download: final-lan-active.bin
[??????????????????????????????]  80.0% (200.00 KB / 250.00 KB) | Speed: -- B/s
File: download: final-lan-active.bin
[??????????????????????????????]  80.4% (201.00 KB / 250.00 KB) | Speed: -- B/s
File: download: final-lan-active.bin
[??????????????????????????????]  80.8% (202.00 KB / 250.00 KB) | Speed: -- B/s
File: download: final-lan-active.bin
[??????????????????????????????]  81.2% (203.00 KB / 250.00 KB) | Speed: -- B/s
File: download: final-lan-active.bin
[??????????????????????????????]  81.6% (204.00 KB / 250.00 KB) | Speed: -- B/s
File: download: final-lan-active.bin
[??????????????????????????????]  82.0% (205.00 KB / 250.00 KB) | Speed: -- B/s
File: download: final-lan-active.bin
[??????????????????????????????]  82.4% (206.00 KB / 250.00 KB) | Speed: -- B/s
File: download: final-lan-active.bin
[??????????????????????????????]  82.8% (207.00 KB / 250.00 KB) | Speed: -- B/s
File: download: final-lan-active.bin
[??????????????????????????????]  83.2% (208.00 KB / 250.00 KB) | Speed: -- B/s
File: download: final-lan-active.bin
[??????????????????????????????]  83.6% (209.00 KB / 250.00 KB) | Speed: -- B/s
File: download: final-lan-active.bin
[??????????????????????????????]  84.0% (210.00 KB / 250.00 KB) | Speed: -- B/s
File: download: final-lan-active.bin
[??????????????????????????????]  84.4% (211.00 KB / 250.00 KB) | Speed: -- B/s
File: download: final-lan-active.bin
[??????????????????????????????]  84.8% (212.00 KB / 250.00 KB) | Speed: -- B/s
File: download: final-lan-active.bin
[??????????????????????????????]  85.2% (213.00 KB / 250.00 KB) | Speed: -- B/s
File: download: final-lan-active.bin
[??????????????????????????????]  85.6% (214.00 KB / 250.00 KB) | Speed: -- B/s
File: download: final-lan-active.bin
[??????????????????????????????]  86.0% (215.00 KB / 250.00 KB) | Speed: -- B/s
File: download: final-lan-active.bin
[??????????????????????????????]  86.4% (216.00 KB / 250.00 KB) | Speed: -- B/s
File: download: final-lan-active.bin
[??????????????????????????????]  86.8% (217.00 KB / 250.00 KB) | Speed: -- B/s
File: download: final-lan-active.bin
[??????????????????????????????]  87.2% (218.00 KB / 250.00 KB) | Speed: -- B/s
File: download: final-lan-active.bin
[??????????????????????????????]  87.6% (219.00 KB / 250.00 KB) | Speed: -- B/s
File: download: final-lan-active.bin
[??????????????????????????????]  88.0% (220.00 KB / 250.00 KB) | Speed: -- B/s
File: download: final-lan-active.bin
[??????????????????????????????]  88.4% (221.00 KB / 250.00 KB) | Speed: -- B/s
File: download: final-lan-active.bin
[??????????????????????????????]  88.8% (222.00 KB / 250.00 KB) | Speed: -- B/s
File: download: final-lan-active.bin
[??????????????????????????????]  89.2% (223.00 KB / 250.00 KB) | Speed: -- B/s
File: download: final-lan-active.bin
[??????????????????????????????]  89.6% (224.00 KB / 250.00 KB) | Speed: -- B/s
File: download: final-lan-active.bin
[??????????????????????????????]  90.0% (225.00 KB / 250.00 KB) | Speed: -- B/s
File: download: final-lan-active.bin
[??????????????????????????????]  90.4% (226.00 KB / 250.00 KB) | Speed: -- B/s
File: download: final-lan-active.bin
[??????????????????????????????]  90.8% (227.00 KB / 250.00 KB) | Speed: -- B/s
File: download: final-lan-active.bin
[??????????????????????????????]  91.2% (228.00 KB / 250.00 KB) | Speed: -- B/s
File: download: final-lan-active.bin
[??????????????????????????????]  91.6% (229.00 KB / 250.00 KB) | Speed: -- B/s
File: download: final-lan-active.bin
[??????????????????????????????]  92.0% (230.00 KB / 250.00 KB) | Speed: -- B/s
File: download: final-lan-active.bin
[??????????????????????????????]  92.4% (231.00 KB / 250.00 KB) | Speed: -- B/s
File: download: final-lan-active.bin
[??????????????????????????????]  92.8% (232.00 KB / 250.00 KB) | Speed: -- B/s
File: download: final-lan-active.bin
[??????????????????????????????]  93.2% (233.00 KB / 250.00 KB) | Speed: -- B/s
File: download: final-lan-active.bin
[??????????????????????????????]  93.6% (234.00 KB / 250.00 KB) | Speed: -- B/s
File: download: final-lan-active.bin
[??????????????????????????????]  94.0% (235.00 KB / 250.00 KB) | Speed: -- B/s
File: download: final-lan-active.bin
[??????????????????????????????]  94.4% (236.00 KB / 250.00 KB) | Speed: -- B/s
File: download: final-lan-active.bin
[??????????????????????????????]  94.8% (237.00 KB / 250.00 KB) | Speed: -- B/s
File: download: final-lan-active.bin
[??????????????????????????????]  95.2% (238.00 KB / 250.00 KB) | Speed: -- B/s
File: download: final-lan-active.bin
[??????????????????????????????]  95.6% (239.00 KB / 250.00 KB) | Speed: -- B/s
File: download: final-lan-active.bin
[??????????????????????????????]  96.0% (240.00 KB / 250.00 KB) | Speed: -- B/s
File: download: final-lan-active.bin
[??????????????????????????????]  96.4% (241.00 KB / 250.00 KB) | Speed: -- B/s
File: download: final-lan-active.bin
[??????????????????????????????]  96.8% (242.00 KB / 250.00 KB) | Speed: -- B/s
File: download: final-lan-active.bin
[??????????????????????????????]  97.2% (243.00 KB / 250.00 KB) | Speed: -- B/s
File: download: final-lan-active.bin
[??????????????????????????????]  97.6% (244.00 KB / 250.00 KB) | Speed: -- B/s
File: download: final-lan-active.bin
[??????????????????????????????]  98.0% (245.00 KB / 250.00 KB) | Speed: -- B/s
File: download: final-lan-active.bin
[??????????????????????????????]  98.4% (246.00 KB / 250.00 KB) | Speed: -- B/s
File: download: final-lan-active.bin
[??????????????????????????????]  98.8% (247.00 KB / 250.00 KB) | Speed: -- B/s
File: download: final-lan-active.bin
[??????????????????????????????]  99.2% (248.00 KB / 250.00 KB) | Speed: -- B/s
File: download: final-lan-active.bin
[??????????????????????????????]  99.6% (249.00 KB / 250.00 KB) | Speed: -- B/s
File: download: final-lan-active.bin
[??????????????????????????????] 100.0% (250.00 KB / 250.00 KB) | Speed: -- B/s
Success: ACTIVE upload + download for final-lan-active.bin
